{
  "status": "Error",
  "violations": [
    {
      "rule_ids": [
        "python_design.html#python-client-optional-arguments-keyword-only"
      ],
      "line_no": 16,
      "bad_code": "def analyze(",
      "suggestion": "def analyze(self, image_data: bytes, visual_features: List[VisualFeatures], *, gender_neutral_caption: Optional[bool] = ..., language: Optional[str] = ..., model_version: Optional[str] = ..., smart_crops_aspect_ratios: Optional[List[float]] = ..., **kwargs: Any) -> ImageAnalysisResult",
      "comment": "Optional operation-specific parameters should be provided as keyword-only arguments. Inserting the '*' after the required parameters forces callers to use parameter names."
    },
    {
      "rule_ids": [
        "python_design.html#python-client-optional-arguments-keyword-only"
      ],
      "line_no": 28,
      "bad_code": "def analyze_from_url(",
      "suggestion": "def analyze_from_url(self, image_url: str, visual_features: List[VisualFeatures], *, gender_neutral_caption: Optional[bool] = ..., language: Optional[str] = ..., model_version: Optional[str] = ..., smart_crops_aspect_ratios: Optional[List[float]] = ..., **kwargs: Any) -> ImageAnalysisResult",
      "comment": "Optional parameters should be keyword-only; add '*' after required parameters in the method signature."
    },
    {
      "rule_ids": [
        "python_design.html#python-client-optional-arguments-keyword-only"
      ],
      "line_no": 62,
      "bad_code": "async def analyze(",
      "suggestion": "async def analyze(self, image_data: bytes, visual_features: List[VisualFeatures], *, gender_neutral_caption: Optional[bool] = ..., language: Optional[str] = ..., model_version: Optional[str] = ..., smart_crops_aspect_ratios: Optional[List[float]] = ..., **kwargs: Any) -> ImageAnalysisResult",
      "comment": "For async methods, optional parameters must also be keyword-only. Insert '*' to force keyword-only usage."
    },
    {
      "rule_ids": [
        "python_design.html#python-client-optional-arguments-keyword-only"
      ],
      "line_no": 74,
      "bad_code": "async def analyze_from_url(",
      "suggestion": "async def analyze_from_url(self, image_url: str, visual_features: List[VisualFeatures], *, gender_neutral_caption: Optional[bool] = ..., language: Optional[str] = ..., model_version: Optional[str] = ..., smart_crops_aspect_ratios: Optional[List[float]] = ..., **kwargs: Any) -> ImageAnalysisResult",
      "comment": "Optional parameters should be made keyword-only by inserting '*' after the required parameters."
    }
  ]
}
