2.txt
This is a testing for windows-2022 migration. 
Expect to have changes for this file.
