3.txt
This is a testing for azsdk-pool-mms-win-2022-general migration. 
This is a testing for windows2022 migration. 
Expect to have changes for this file.
