1.txt
This is a testing for windows-2022 migration. 
No change expected for this file.
